type : Cannot find path 'F:\project\Mental_health_support\nul' because it does not exist.
At line:1 char:1
+ type nul > test.log 2>&1
+ ~~~~~~~~~~~~~~~~~~~~~~~~
    + CategoryInfo          : ObjectNotFound: (F:\project\Mental_health_support\nul:String) [Get-Conten 
   t], ItemNotFoundException
    + FullyQualifiedErrorId : PathNotFound,Microsoft.PowerShell.Commands.GetContentCommand
 
